-------------------------------------------------------
{'pid': 0, 'username': 'NT AUTHORITY\\SYSTEM', 'status': 'running', 'name': 'System Idle Process', 'cpu_percent': 0.0, 'memory_percent': 0.0001038640544164554}
-------------------------------------------------------
-------------------------------------------------------
{'pid': 4, 'username': 'NT AUTHORITY\\SYSTEM', 'status': 'running', 'name': 'System', 'cpu_percent': 0.0, 'memory_percent': 0.15558835351585018}
-------------------------------------------------------
-------------------------------------------------------
{'pid': 188, 'username': None, 'status': 'stopped', 'name': '', 'cpu_percent': 0.0, 'memory_percent': 0.5639298834541445}
-------------------------------------------------------
-------------------------------------------------------
{'pid': 232, 'username': None, 'status': 'running', 'name': 'Registry', 'cpu_percent': 0.0, 'memory_percent': 0.45201636482041385}
-------------------------------------------------------
-------------------------------------------------------
{'pid': 772, 'username': None, 'status': 'running', 'name': 'smss.exe', 'cpu_percent': 0.0, 'memory_percent': 0.018539733713337288}
-------------------------------------------------------
-------------------------------------------------------
{'pid': 808, 'username': None, 'status': 'running', 'name': 'FileSyncHelper.exe', 'cpu_percent': 0.0, 'memory_percent': 0.38933440798008306}
-------------------------------------------------------
-------------------------------------------------------
{'pid': 916, 'username': None, 'status': 'running', 'name': 'svchost.exe', 'cpu_percent': 0.0, 'memory_percent': 0.1254158457078699}
-------------------------------------------------------
-------------------------------------------------------
{'pid': 1064, 'username': None, 'status': 'running', 'name': 'svchost.exe', 'cpu_percent': 0.0, 'memory_percent': 0.18944803525561463}
-------------------------------------------------------
-------------------------------------------------------
{'pid': 1084, 'username': None, 'status': 'running', 'name': 'csrss.exe', 'cpu_percent': 0.0, 'memory_percent': 0.08205260298899976}
-------------------------------------------------------
-------------------------------------------------------
{'pid': 1088, 'username': None, 'status': 'running', 'name': 'svchost.exe', 'cpu_percent': 0.0, 'memory_percent': 0.17724400886168112}
-------------------------------------------------------
-------------------------------------------------------
{'pid': 1240, 'username': None, 'status': 'running', 'name': 'svchost.exe', 'cpu_percent': 0.0, 'memory_percent': 0.1348674746597673}
-------------------------------------------------------
-------------------------------------------------------
{'pid': 1244, 'username': None, 'status': 'running', 'name': 'wininit.exe', 'cpu_percent': 0.0, 'memory_percent': 0.11648353702805472}
-------------------------------------------------------
-------------------------------------------------------
{'pid': 1252, 'username': None, 'status': 'running', 'name': 'csrss.exe', 'cpu_percent': 0.0, 'memory_percent': 0.09955369615817249}
-------------------------------------------------------
-------------------------------------------------------
{'pid': 1260, 'username': 'LAPTOP-G1T95FR1\\Aditya', 'status': 'running', 'name': 'Code.exe', 'cpu_percent': 0.0, 'memory_percent': 0.7200894892692852}
-------------------------------------------------------
-------------------------------------------------------
{'pid': 1312, 'username': None, 'status': 'running', 'name': 'winlogon.exe', 'cpu_percent': 0.0, 'memory_percent': 0.19209656864323424}
-------------------------------------------------------
-------------------------------------------------------
{'pid': 1388, 'username': None, 'status': 'running', 'name': 'services.exe', 'cpu_percent': 0.0, 'memory_percent': 0.23166877337590375}
-------------------------------------------------------
-------------------------------------------------------
{'pid': 1396, 'username': None, 'status': 'running', 'name': 'LsaIso.exe', 'cpu_percent': 0.0, 'memory_percent': 0.04928349382060808}
-------------------------------------------------------
-------------------------------------------------------
{'pid': 1416, 'username': None, 'status': 'running', 'name': 'lsass.exe', 'cpu_percent': 0.0, 'memory_percent': 0.2922215171006972}
-------------------------------------------------------
-------------------------------------------------------
{'pid': 1548, 'username': None, 'status': 'running', 'name': 'svchost.exe', 'cpu_percent': 0.0, 'memory_percent': 0.5145425255791201}
-------------------------------------------------------
-------------------------------------------------------
{'pid': 1580, 'username': None, 'status': 'running', 'name': 'fontdrvhost.exe', 'cpu_percent': 0.0, 'memory_percent': 0.0819487389345833}
-------------------------------------------------------
-------------------------------------------------------
{'pid': 1588, 'username': None, 'status': 'running', 'name': 'fontdrvhost.exe', 'cpu_percent': 0.0, 'memory_percent': 0.052191687344268836}
-------------------------------------------------------
-------------------------------------------------------
{'pid': 1636, 'username': 'LAPTOP-G1T95FR1\\Aditya', 'status': 'running', 'name': 'svchost.exe', 'cpu_percent': 0.0, 'memory_percent': 0.22076304766217594}
-------------------------------------------------------
-------------------------------------------------------
{'pid': 1672, 'username': None, 'status': 'running', 'name': 'svchost.exe', 'cpu_percent': 0.0, 'memory_percent': 0.23805641272251574}
-------------------------------------------------------
-------------------------------------------------------
{'pid': 1728, 'username': None, 'status': 'running', 'name': 'svchost.exe', 'cpu_percent': 0.0, 'memory_percent': 0.16197599286246217}
-------------------------------------------------------
-------------------------------------------------------
{'pid': 1752, 'username': 'LAPTOP-G1T95FR1\\Aditya', 'status': 'running', 'name': 'HPAudioSwitch.exe', 'cpu_percent': 0.0, 'memory_percent': 0.5823657531130654}
-------------------------------------------------------
-------------------------------------------------------
{'pid': 1808, 'username': None, 'status': 'running', 'name': 'dwm.exe', 'cpu_percent': 0.0, 'memory_percent': 0.8613965353028727}
-------------------------------------------------------
-------------------------------------------------------
{'pid': 1896, 'username': None, 'status': 'running', 'name': 'svchost.exe', 'cpu_percent': 0.0, 'memory_percent': 0.08828444625398708}
-------------------------------------------------------
-------------------------------------------------------
{'pid': 1944, 'username': 'LAPTOP-G1T95FR1\\Aditya', 'status': 'running', 'name': 'Code.exe', 'cpu_percent': 0.0, 'memory_percent': 1.9043993697529178}
-------------------------------------------------------
-------------------------------------------------------
{'pid': 2036, 'username': 'LAPTOP-G1T95FR1\\Aditya', 'status': 'running', 'name': 'OmenInstallMonitor.exe', 'cpu_percent': 0.0, 'memory_percent': 0.08132555460808458}
-------------------------------------------------------
-------------------------------------------------------
{'pid': 2044, 'username': None, 'status': 'running', 'name': 'svchost.exe', 'cpu_percent': 0.0, 'memory_percent': 0.20783197288732724}
-------------------------------------------------------
-------------------------------------------------------
{'pid': 2076, 'username': None, 'status': 'running', 'name': 'svchost.exe', 'cpu_percent': 0.0, 'memory_percent': 0.22891637593386768}
-------------------------------------------------------
-------------------------------------------------------
{'pid': 2092, 'username': None, 'status': 'running', 'name': 'svchost.exe', 'cpu_percent': 0.0, 'memory_percent': 0.14992776255015336}
-------------------------------------------------------
-------------------------------------------------------
{'pid': 2144, 'username': None, 'status': 'running', 'name': 'svchost.exe', 'cpu_percent': 0.0, 'memory_percent': 0.17412808722918746}
-------------------------------------------------------
-------------------------------------------------------
{'pid': 2188, 'username': None, 'status': 'running', 'name': 'AUEPDU.exe', 'cpu_percent': 0.0, 'memory_percent': 0.19864000407147095}
-------------------------------------------------------
-------------------------------------------------------
{'pid': 2204, 'username': None, 'status': 'running', 'name': 'svchost.exe', 'cpu_percent': 0.0, 'memory_percent': 0.09685323074334465}
-------------------------------------------------------
-------------------------------------------------------
{'pid': 2212, 'username': None, 'status': 'running', 'name': 'svchost.exe', 'cpu_percent': 0.0, 'memory_percent': 0.1070838401033655}
-------------------------------------------------------
-------------------------------------------------------
{'pid': 2312, 'username': None, 'status': 'running', 'name': 'atiesrxx.exe', 'cpu_percent': 0.0, 'memory_percent': 0.11180965457931423}
-------------------------------------------------------
-------------------------------------------------------
{'pid': 2372, 'username': None, 'status': 'running', 'name': 'svchost.exe', 'cpu_percent': 0.0, 'memory_percent': 0.2702542695916169}
-------------------------------------------------------
-------------------------------------------------------
{'pid': 2400, 'username': None, 'status': 'running', 'name': 'amdfendrsr.exe', 'cpu_percent': 0.0, 'memory_percent': 0.11856081811638383}
-------------------------------------------------------
-------------------------------------------------------
{'pid': 2424, 'username': None, 'status': 'running', 'name': 'svchost.exe', 'cpu_percent': 0.0, 'memory_percent': 0.16898681653557293}
-------------------------------------------------------
-------------------------------------------------------
{'pid': 2432, 'username': None, 'status': 'running', 'name': 'svchost.exe', 'cpu_percent': 0.0, 'memory_percent': 0.5310049782041282}
-------------------------------------------------------
-------------------------------------------------------
{'pid': 2444, 'username': None, 'status': 'running', 'name': 'svchost.exe', 'cpu_percent': 0.0, 'memory_percent': 0.1935506654050646}
-------------------------------------------------------
-------------------------------------------------------
{'pid': 2472, 'username': 'LAPTOP-G1T95FR1\\Aditya', 'status': 'running', 'name': 'OverlayHelper.exe', 'cpu_percent': 0.0, 'memory_percent': 0.08651875732890735}
-------------------------------------------------------
-------------------------------------------------------
{'pid': 2572, 'username': None, 'status': 'running', 'name': 'GameInputSvc.exe', 'cpu_percent': 0.0, 'memory_percent': 0.09851505561400795}
-------------------------------------------------------
-------------------------------------------------------
{'pid': 2776, 'username': None, 'status': 'running', 'name': 'svchost.exe', 'cpu_percent': 0.0, 'memory_percent': 0.16021030393738245}
-------------------------------------------------------
-------------------------------------------------------
{'pid': 2780, 'username': None, 'status': 'running', 'name': 'OmenCap.exe', 'cpu_percent': 0.0, 'memory_percent': 0.1256235738167028}
-------------------------------------------------------
-------------------------------------------------------
{'pid': 2788, 'username': None, 'status': 'running', 'name': 'svchost.exe', 'cpu_percent': 0.0, 'memory_percent': 0.12110548744958699}
-------------------------------------------------------
-------------------------------------------------------
{'pid': 2844, 'username': None, 'status': 'running', 'name': 'svchost.exe', 'cpu_percent': 0.0, 'memory_percent': 0.14707150105370084}
-------------------------------------------------------
-------------------------------------------------------
{'pid': 2920, 'username': None, 'status': 'running', 'name': 'dasHost.exe', 'cpu_percent': 0.0, 'memory_percent': 0.09550299803593074}
-------------------------------------------------------
-------------------------------------------------------
{'pid': 2936, 'username': 'LAPTOP-G1T95FR1\\Aditya', 'status': 'running', 'name': 'AMDRSSrcExt.exe', 'cpu_percent': 0.0, 'memory_percent': 0.8604617588131247}
-------------------------------------------------------
-------------------------------------------------------
{'pid': 2992, 'username': 'LAPTOP-G1T95FR1\\Aditya', 'status': 'running', 'name': 'ShellHost.exe', 'cpu_percent': 0.0, 'memory_percent': 0.6019441273705672}
-------------------------------------------------------
-------------------------------------------------------
{'pid': 3040, 'username': None, 'status': 'running', 'name': 'NVDisplay.Container.exe', 'cpu_percent': 0.0, 'memory_percent': 0.38086948754514194}
-------------------------------------------------------
-------------------------------------------------------
{'pid': 3164, 'username': None, 'status': 'running', 'name': 'svchost.exe', 'cpu_percent': 0.0, 'memory_percent': 0.26667095971424926}
-------------------------------------------------------
-------------------------------------------------------
{'pid': 3240, 'username': None, 'status': 'running', 'name': 'atieclxx.exe', 'cpu_percent': 0.0, 'memory_percent': 0.2261120464646234}
-------------------------------------------------------
-------------------------------------------------------
{'pid': 3248, 'username': None, 'status': 'running', 'name': 'svchost.exe', 'cpu_percent': 0.0, 'memory_percent': 0.19786102366334749}
-------------------------------------------------------
-------------------------------------------------------
{'pid': 3256, 'username': None, 'status': 'running', 'name': 'svchost.exe', 'cpu_percent': 0.0, 'memory_percent': 0.09835925953238325}
-------------------------------------------------------
-------------------------------------------------------
{'pid': 3264, 'username': None, 'status': 'running', 'name': 'svchost.exe', 'cpu_percent': 0.0, 'memory_percent': 0.12972620396615278}
-------------------------------------------------------
-------------------------------------------------------
{'pid': 3288, 'username': None, 'status': 'running', 'name': 'svchost.exe', 'cpu_percent': 0.0, 'memory_percent': 0.11570455661993131}
-------------------------------------------------------
-------------------------------------------------------
{'pid': 3380, 'username': None, 'status': 'running', 'name': 'svchost.exe', 'cpu_percent': 0.0, 'memory_percent': 0.12853176734036353}
-------------------------------------------------------
-------------------------------------------------------
{'pid': 3400, 'username': None, 'status': 'running', 'name': 'MemCompression', 'cpu_percent': 0.0, 'memory_percent': 10.256056053352888}
-------------------------------------------------------
-------------------------------------------------------
{'pid': 3444, 'username': None, 'status': 'running', 'name': 'svchost.exe', 'cpu_percent': 0.0, 'memory_percent': 0.1475908213257831}
-------------------------------------------------------
-------------------------------------------------------
{'pid': 3452, 'username': 'LAPTOP-G1T95FR1\\Aditya', 'status': 'running', 'name': 'msedgewebview2.exe', 'cpu_percent': 0.0, 'memory_percent': 0.16550737071262167}
-------------------------------------------------------
-------------------------------------------------------
{'pid': 3468, 'username': None, 'status': 'running', 'name': 'svchost.exe', 'cpu_percent': 0.0, 'memory_percent': 0.2894171876314529}
-------------------------------------------------------
-------------------------------------------------------
{'pid': 3508, 'username': None, 'status': 'running', 'name': 'svchost.exe', 'cpu_percent': 0.0, 'memory_percent': 0.14727922916253375}
-------------------------------------------------------
-------------------------------------------------------
{'pid': 3516, 'username': None, 'status': 'running', 'name': 'svchost.exe', 'cpu_percent': 0.0, 'memory_percent': 0.11876854622521675}
-------------------------------------------------------
-------------------------------------------------------
{'pid': 3528, 'username': None, 'status': 'running', 'name': 'TouchpointAnalyticsClientService.exe', 'cpu_percent': 0.0, 'memory_percent': 0.7874972605855648}
-------------------------------------------------------
-------------------------------------------------------
{'pid': 3536, 'username': None, 'status': 'running', 'name': 'AppHelperCap.exe', 'cpu_percent': 0.0, 'memory_percent': 0.19838034393542978}
-------------------------------------------------------
-------------------------------------------------------
{'pid': 3560, 'username': None, 'status': 'running', 'name': 'SysInfoCap.exe', 'cpu_percent': 0.0, 'memory_percent': 0.2937794779169441}
-------------------------------------------------------
-------------------------------------------------------
{'pid': 3568, 'username': None, 'status': 'running', 'name': 'DiagsCap.exe', 'cpu_percent': 0.0, 'memory_percent': 0.215310184805312}
-------------------------------------------------------
-------------------------------------------------------
{'pid': 3580, 'username': None, 'status': 'running', 'name': 'NetworkCap.exe', 'cpu_percent': 0.0, 'memory_percent': 0.18202175536483806}
-------------------------------------------------------
-------------------------------------------------------
{'pid': 3652, 'username': None, 'status': 'running', 'name': 'svchost.exe', 'cpu_percent': 0.0, 'memory_percent': 0.22174975617913223}
-------------------------------------------------------
-------------------------------------------------------
{'pid': 3756, 'username': None, 'status': 'running', 'name': 'svchost.exe', 'cpu_percent': 0.0, 'memory_percent': 0.22502147389325058}
-------------------------------------------------------
-------------------------------------------------------
{'pid': 3900, 'username': None, 'status': 'running', 'name': 'svchost.exe', 'cpu_percent': 0.0, 'memory_percent': 0.2380044806953075}
-------------------------------------------------------
-------------------------------------------------------
{'pid': 4228, 'username': None, 'status': 'running', 'name': 'NVDisplay.Container.exe', 'cpu_percent': 0.0, 'memory_percent': 0.5136077490893719}
-------------------------------------------------------
-------------------------------------------------------
{'pid': 4676, 'username': None, 'status': 'running', 'name': 'unsecapp.exe', 'cpu_percent': 0.0, 'memory_percent': 0.12017071095983889}
-------------------------------------------------------
-------------------------------------------------------
{'pid': 4760, 'username': 'LAPTOP-G1T95FR1\\Aditya', 'status': 'running', 'name': 'TextInputHost.exe', 'cpu_percent': 0.0, 'memory_percent': 0.5865722473169318}
-------------------------------------------------------
-------------------------------------------------------
{'pid': 4768, 'username': None, 'status': 'running', 'name': 'svchost.exe', 'cpu_percent': 0.0, 'memory_percent': 0.12178060380329395}
-------------------------------------------------------
-------------------------------------------------------
{'pid': 4800, 'username': 'LAPTOP-G1T95FR1\\Aditya', 'status': 'running', 'name': 'RuntimeBroker.exe', 'cpu_percent': 0.0, 'memory_percent': 0.26023138834042897}
-------------------------------------------------------
-------------------------------------------------------
{'pid': 4804, 'username': None, 'status': 'running', 'name': 'WmiPrvSE.exe', 'cpu_percent': 0.0, 'memory_percent': 0.15475744108051853}
-------------------------------------------------------
-------------------------------------------------------
{'pid': 4848, 'username': None, 'status': 'running', 'name': 'svchost.exe', 'cpu_percent': 0.0, 'memory_percent': 0.19059053985419563}
-------------------------------------------------------
-------------------------------------------------------
{'pid': 5020, 'username': None, 'status': 'running', 'name': 'svchost.exe', 'cpu_percent': 0.0, 'memory_percent': 0.2503123711436575}
-------------------------------------------------------
-------------------------------------------------------
{'pid': 5088, 'username': None, 'status': 'running', 'name': 'svchost.exe', 'cpu_percent': 0.0, 'memory_percent': 0.14089158981592173}
-------------------------------------------------------
-------------------------------------------------------
{'pid': 5192, 'username': None, 'status': 'running', 'name': 'svchost.exe', 'cpu_percent': 0.0, 'memory_percent': 0.13917783291805022}
-------------------------------------------------------
-------------------------------------------------------
{'pid': 5296, 'username': None, 'status': 'running', 'name': 'svchost.exe', 'cpu_percent': 0.0, 'memory_percent': 0.13429622236047684}
-------------------------------------------------------
-------------------------------------------------------
{'pid': 5304, 'username': None, 'status': 'running', 'name': 'svchost.exe', 'cpu_percent': 0.0, 'memory_percent': 0.13195928113610655}
-------------------------------------------------------
-------------------------------------------------------
{'pid': 5312, 'username': 'LAPTOP-G1T95FR1\\Aditya', 'status': 'running', 'name': 'msedgewebview2.exe', 'cpu_percent': 0.0, 'memory_percent': 0.20658560423432978}
-------------------------------------------------------
-------------------------------------------------------
{'pid': 5324, 'username': 'LAPTOP-G1T95FR1\\Aditya', 'status': 'running', 'name': 'ONENOTEM.EXE', 'cpu_percent': 0.0, 'memory_percent': 0.07644394405051116}
-------------------------------------------------------
-------------------------------------------------------
{'pid': 5392, 'username': 'LAPTOP-G1T95FR1\\Aditya', 'status': 'running', 'name': 'SecurityHealthSystray.exe', 'cpu_percent': 0.0, 'memory_percent': 0.16519577854937229}
-------------------------------------------------------
-------------------------------------------------------
{'pid': 5440, 'username': 'LAPTOP-G1T95FR1\\Aditya', 'status': 'running', 'name': 'taskhostw.exe', 'cpu_percent': 0.0, 'memory_percent': 0.2467290612662898}
-------------------------------------------------------
-------------------------------------------------------
{'pid': 5572, 'username': 'LAPTOP-G1T95FR1\\Aditya', 'status': 'running', 'name': 'SystemOptimizer.exe', 'cpu_percent': 0.0, 'memory_percent': 0.11030362579027561}
-------------------------------------------------------
-------------------------------------------------------
{'pid': 5752, 'username': 'LAPTOP-G1T95FR1\\Aditya', 'status': 'running', 'name': 'conhost.exe', 'cpu_percent': 0.0, 'memory_percent': 0.09280253262110288}
-------------------------------------------------------
-------------------------------------------------------
{'pid': 5768, 'username': None, 'status': 'running', 'name': 'svchost.exe', 'cpu_percent': 0.0, 'memory_percent': 0.3667959081717122}
-------------------------------------------------------
-------------------------------------------------------
{'pid': 5940, 'username': 'LAPTOP-G1T95FR1\\Aditya', 'status': 'running', 'name': 'msedgewebview2.exe', 'cpu_percent': 0.0, 'memory_percent': 0.16000257582854954}
-------------------------------------------------------
-------------------------------------------------------
{'pid': 5944, 'username': 'LAPTOP-G1T95FR1\\Aditya', 'status': 'running', 'name': 'sihost.exe', 'cpu_percent': 0.0, 'memory_percent': 0.45388591779991005}
-------------------------------------------------------
-------------------------------------------------------
{'pid': 5988, 'username': 'LAPTOP-G1T95FR1\\Aditya', 'status': 'running', 'name': 'svchost.exe', 'cpu_percent': 0.0, 'memory_percent': 0.135023270741392}
-------------------------------------------------------
-------------------------------------------------------
{'pid': 6000, 'username': 'LAPTOP-G1T95FR1\\Aditya', 'status': 'running', 'name': 'svchost.exe', 'cpu_percent': 0.0, 'memory_percent': 0.5250847271023903}
-------------------------------------------------------
-------------------------------------------------------
{'pid': 6040, 'username': None, 'status': 'running', 'name': 'svchost.exe', 'cpu_percent': 0.0, 'memory_percent': 0.21292131155373353}
-------------------------------------------------------
-------------------------------------------------------
{'pid': 6056, 'username': 'LAPTOP-G1T95FR1\\Aditya', 'status': 'running', 'name': 'svchost.exe', 'cpu_percent': 0.0, 'memory_percent': 0.1365292995304306}
-------------------------------------------------------
-------------------------------------------------------
{'pid': 6068, 'username': None, 'status': 'running', 'name': 'NisSrv.exe', 'cpu_percent': 0.0, 'memory_percent': 0.16815590410024128}
-------------------------------------------------------
-------------------------------------------------------
{'pid': 6116, 'username': 'LAPTOP-G1T95FR1\\Aditya', 'status': 'running', 'name': 'svchost.exe', 'cpu_percent': 0.0, 'memory_percent': 0.41576780982907097}
-------------------------------------------------------
-------------------------------------------------------
{'pid': 6168, 'username': 'LAPTOP-G1T95FR1\\Aditya', 'status': 'running', 'name': 'conhost.exe', 'cpu_percent': 0.0, 'memory_percent': 0.09513947384547314}
-------------------------------------------------------
-------------------------------------------------------
{'pid': 6284, 'username': None, 'status': 'running', 'name': 'mqsvc.exe', 'cpu_percent': 0.0, 'memory_percent': 0.19271975296973298}
-------------------------------------------------------
-------------------------------------------------------
{'pid': 6300, 'username': None, 'status': 'running', 'name': 'svchost.exe', 'cpu_percent': 0.0, 'memory_percent': 0.28235443193113396}
-------------------------------------------------------
-------------------------------------------------------
{'pid': 6320, 'username': 'LAPTOP-G1T95FR1\\Aditya', 'status': 'running', 'name': 'AUEPMaster.exe', 'cpu_percent': 0.0, 'memory_percent': 0.09586652222638832}
-------------------------------------------------------
-------------------------------------------------------
{'pid': 6388, 'username': 'LAPTOP-G1T95FR1\\Aditya', 'status': 'running', 'name': 'HP.ContextAware.exe', 'cpu_percent': 0.0, 'memory_percent': 0.7468864153087307}
-------------------------------------------------------
-------------------------------------------------------
{'pid': 6540, 'username': 'LAPTOP-G1T95FR1\\Aditya', 'status': 'running', 'name': 'AMDRSServ.exe', 'cpu_percent': 0.0, 'memory_percent': 1.1174214294394353}
-------------------------------------------------------
-------------------------------------------------------
{'pid': 6548, 'username': 'LAPTOP-G1T95FR1\\Aditya', 'status': 'running', 'name': 'Code.exe', 'cpu_percent': 0.0, 'memory_percent': 8.083947083341556}
-------------------------------------------------------
-------------------------------------------------------
{'pid': 6748, 'username': None, 'status': 'running', 'name': 'svchost.exe', 'cpu_percent': 0.0, 'memory_percent': 0.30234826240630164}
-------------------------------------------------------
-------------------------------------------------------
{'pid': 6836, 'username': 'LAPTOP-G1T95FR1\\Aditya', 'status': 'running', 'name': 'explorer.exe', 'cpu_percent': 0.0, 'memory_percent': 3.346084377080527}
-------------------------------------------------------
-------------------------------------------------------
{'pid': 6972, 'username': None, 'status': 'running', 'name': 'svchost.exe', 'cpu_percent': 0.0, 'memory_percent': 0.285781945726877}
-------------------------------------------------------
-------------------------------------------------------
{'pid': 6984, 'username': None, 'status': 'running', 'name': 'svchost.exe', 'cpu_percent': 0.0, 'memory_percent': 0.12224799204816798}
-------------------------------------------------------
-------------------------------------------------------
{'pid': 7072, 'username': None, 'status': 'running', 'name': 'svchost.exe', 'cpu_percent': 0.0, 'memory_percent': 0.14125511400637933}
-------------------------------------------------------
-------------------------------------------------------
{'pid': 7116, 'username': None, 'status': 'running', 'name': 'svchost.exe', 'cpu_percent': 0.0, 'memory_percent': 0.23961437353876258}
-------------------------------------------------------
-------------------------------------------------------
{'pid': 7136, 'username': None, 'status': 'running', 'name': 'svchost.exe', 'cpu_percent': 0.0, 'memory_percent': 0.21011698208448926}
-------------------------------------------------------
-------------------------------------------------------
{'pid': 7156, 'username': None, 'status': 'running', 'name': 'svchost.exe', 'cpu_percent': 0.0, 'memory_percent': 0.34327069984638503}
-------------------------------------------------------
-------------------------------------------------------
{'pid': 7260, 'username': 'LAPTOP-G1T95FR1\\Aditya', 'status': 'running', 'name': 'Code.exe', 'cpu_percent': 0.0, 'memory_percent': 3.2066468840264353}
-------------------------------------------------------
-------------------------------------------------------
{'pid': 7308, 'username': None, 'status': 'running', 'name': 'svchost.exe', 'cpu_percent': 0.0, 'memory_percent': 0.1683636322090742}
-------------------------------------------------------
-------------------------------------------------------
{'pid': 7368, 'username': 'LAPTOP-G1T95FR1\\Aditya', 'status': 'running', 'name': 'CrossDeviceResume.exe', 'cpu_percent': 0.0, 'memory_percent': 0.3686135291240002}
-------------------------------------------------------
-------------------------------------------------------
{'pid': 7436, 'username': 'LAPTOP-G1T95FR1\\Aditya', 'status': 'running', 'name': 'OpenConsole.exe', 'cpu_percent': 0.0, 'memory_percent': 0.18924030714678172}
-------------------------------------------------------
-------------------------------------------------------
{'pid': 7464, 'username': None, 'status': 'running', 'name': 'svchost.exe', 'cpu_percent': 0.0, 'memory_percent': 0.3129943279839883}
-------------------------------------------------------
-------------------------------------------------------
{'pid': 7492, 'username': None, 'status': 'running', 'name': 'spoolsv.exe', 'cpu_percent': 0.0, 'memory_percent': 0.21473893250602152}
-------------------------------------------------------
-------------------------------------------------------
{'pid': 7692, 'username': None, 'status': 'running', 'name': 'svchost.exe', 'cpu_percent': 0.0, 'memory_percent': 0.12873949544919644}
-------------------------------------------------------
-------------------------------------------------------
{'pid': 7760, 'username': None, 'status': 'running', 'name': 'svchost.exe', 'cpu_percent': 0.0, 'memory_percent': 0.4322302624540791}
-------------------------------------------------------
-------------------------------------------------------
{'pid': 7828, 'username': None, 'status': 'running', 'name': 'svchost.exe', 'cpu_percent': 0.0, 'memory_percent': 0.7038347647531099}
-------------------------------------------------------
-------------------------------------------------------
{'pid': 7836, 'username': None, 'status': 'running', 'name': 'svchost.exe', 'cpu_percent': 0.0, 'memory_percent': 0.17225853424969126}
-------------------------------------------------------
-------------------------------------------------------
{'pid': 7844, 'username': None, 'status': 'running', 'name': 'svchost.exe', 'cpu_percent': 0.0, 'memory_percent': 0.5730179882155845}
-------------------------------------------------------
-------------------------------------------------------
{'pid': 7852, 'username': None, 'status': 'running', 'name': 'svchost.exe', 'cpu_percent': 0.0, 'memory_percent': 0.11378307161322687}
-------------------------------------------------------
-------------------------------------------------------
{'pid': 7860, 'username': None, 'status': 'running', 'name': 'svchost.exe', 'cpu_percent': 0.0, 'memory_percent': 0.08973854301581746}
-------------------------------------------------------
-------------------------------------------------------
{'pid': 7868, 'username': None, 'status': 'running', 'name': 'svchost.exe', 'cpu_percent': 0.0, 'memory_percent': 0.12292310840187495}
-------------------------------------------------------
-------------------------------------------------------
{'pid': 7876, 'username': None, 'status': 'running', 'name': 'svchost.exe', 'cpu_percent': 0.0, 'memory_percent': 0.3425436514654699}
-------------------------------------------------------
-------------------------------------------------------
{'pid': 7940, 'username': None, 'status': 'running', 'name': 'SECOMN64.exe', 'cpu_percent': 0.0, 'memory_percent': 0.21006505005728102}
-------------------------------------------------------
-------------------------------------------------------
{'pid': 7968, 'username': None, 'status': 'running', 'name': 'WmiPrvSE.exe', 'cpu_percent': 0.0, 'memory_percent': 0.21676428156714242}
-------------------------------------------------------
-------------------------------------------------------
{'pid': 7972, 'username': None, 'status': 'running', 'name': 'RtkBtManServ.exe', 'cpu_percent': 0.0, 'memory_percent': 0.11544489648389017}
-------------------------------------------------------
-------------------------------------------------------
{'pid': 7984, 'username': None, 'status': 'running', 'name': 'MsMpEng.exe', 'cpu_percent': 0.0, 'memory_percent': 2.2277801031785516}
-------------------------------------------------------
-------------------------------------------------------
{'pid': 7992, 'username': None, 'status': 'running', 'name': 'SMSvcHost.exe', 'cpu_percent': 0.0, 'memory_percent': 0.24345734355217144}
-------------------------------------------------------
-------------------------------------------------------
{'pid': 8000, 'username': None, 'status': 'running', 'name': 'GameInputRedistService.exe', 'cpu_percent': 0.0, 'memory_percent': 0.15621153784234892}
-------------------------------------------------------
-------------------------------------------------------
{'pid': 8008, 'username': None, 'status': 'running', 'name': 'RtkAudUService64.exe', 'cpu_percent': 0.0, 'memory_percent': 0.21494666061485443}
-------------------------------------------------------
-------------------------------------------------------
{'pid': 8016, 'username': None, 'status': 'running', 'name': 'sqlservr.exe', 'cpu_percent': 0.0, 'memory_percent': 0.7396159314995788}
-------------------------------------------------------
-------------------------------------------------------
{'pid': 8024, 'username': None, 'status': 'running', 'name': 'ETDService.exe', 'cpu_percent': 0.0, 'memory_percent': 0.10324087008995665}
-------------------------------------------------------
-------------------------------------------------------
{'pid': 8032, 'username': None, 'status': 'running', 'name': 'sqlwriter.exe', 'cpu_percent': 0.0, 'memory_percent': 0.13128416478239963}
-------------------------------------------------------
-------------------------------------------------------
{'pid': 8044, 'username': None, 'status': 'running', 'name': 'sqlbrowser.exe', 'cpu_percent': 0.0, 'memory_percent': 0.07810576892117446}
-------------------------------------------------------
-------------------------------------------------------
{'pid': 8056, 'username': None, 'status': 'running', 'name': 'MpDefenderCoreService.exe', 'cpu_percent': 0.0, 'memory_percent': 0.2478715658648708}
-------------------------------------------------------
-------------------------------------------------------
{'pid': 8132, 'username': None, 'status': 'running', 'name': 'OfficeClickToRun.exe', 'cpu_percent': 0.0, 'memory_percent': 0.3958778434083197}
-------------------------------------------------------
-------------------------------------------------------
{'pid': 8272, 'username': 'LAPTOP-G1T95FR1\\Aditya', 'status': 'running', 'name': 'Code.exe', 'cpu_percent': 0.0, 'memory_percent': 0.4413183672155189}
-------------------------------------------------------
-------------------------------------------------------
{'pid': 8464, 'username': None, 'status': 'running', 'name': 'gamingservicesnet.exe', 'cpu_percent': 0.0, 'memory_percent': 0.15174538350244132}
-------------------------------------------------------
-------------------------------------------------------
{'pid': 8608, 'username': 'LAPTOP-G1T95FR1\\Aditya', 'status': 'running', 'name': 'ETDCtrl.exe', 'cpu_percent': 0.0, 'memory_percent': 0.20258683813929623}
-------------------------------------------------------
-------------------------------------------------------
{'pid': 8632, 'username': 'LAPTOP-G1T95FR1\\Aditya', 'status': 'running', 'name': 'GameInputRedistService.exe', 'cpu_percent': 0.0, 'memory_percent': 0.19381032554110575}
-------------------------------------------------------
-------------------------------------------------------
{'pid': 8676, 'username': None, 'status': 'running', 'name': 'gamingservices.exe', 'cpu_percent': 0.0, 'memory_percent': 0.5806000641879856}
-------------------------------------------------------
-------------------------------------------------------
{'pid': 8696, 'username': None, 'status': 'running', 'name': 'svchost.exe', 'cpu_percent': 0.0, 'memory_percent': 0.18835746268424186}
-------------------------------------------------------
-------------------------------------------------------
{'pid': 9676, 'username': 'LAPTOP-G1T95FR1\\Aditya', 'status': 'running', 'name': 'svchost.exe', 'cpu_percent': 0.0, 'memory_percent': 0.34664628161491984}
-------------------------------------------------------
-------------------------------------------------------
{'pid': 9704, 'username': 'LAPTOP-G1T95FR1\\Aditya', 'status': 'running', 'name': 'Code.exe', 'cpu_percent': 0.0, 'memory_percent': 0.8567745848813405}
-------------------------------------------------------
-------------------------------------------------------
{'pid': 9876, 'username': 'LAPTOP-G1T95FR1\\Aditya', 'status': 'running', 'name': 'msedgewebview2.exe', 'cpu_percent': 0.0, 'memory_percent': 0.04637530029694733}
-------------------------------------------------------
-------------------------------------------------------
{'pid': 9972, 'username': 'LAPTOP-G1T95FR1\\Aditya', 'status': 'running', 'name': 'SECOCL64.exe', 'cpu_percent': 0.0, 'memory_percent': 0.16452066219566536}
-------------------------------------------------------
-------------------------------------------------------
{'pid': 9984, 'username': 'LAPTOP-G1T95FR1\\Aditya', 'status': 'running', 'name': 'conhost.exe', 'cpu_percent': 0.0, 'memory_percent': 0.08428568015895355}
-------------------------------------------------------
-------------------------------------------------------
{'pid': 10180, 'username': 'LAPTOP-G1T95FR1\\Aditya', 'status': 'running', 'name': 'pet.exe', 'cpu_percent': 0.0, 'memory_percent': 0.12801244706828127}
-------------------------------------------------------
-------------------------------------------------------
{'pid': 10220, 'username': None, 'status': 'running', 'name': 'AggregatorHost.exe', 'cpu_percent': 0.0, 'memory_percent': 0.16810397207303304}
-------------------------------------------------------
-------------------------------------------------------
{'pid': 10232, 'username': 'LAPTOP-G1T95FR1\\Aditya', 'status': 'running', 'name': 'WindowsTerminal.exe', 'cpu_percent': 0.0, 'memory_percent': 1.7839170666298296}
-------------------------------------------------------
-------------------------------------------------------
{'pid': 10344, 'username': 'LAPTOP-G1T95FR1\\Aditya', 'status': 'running', 'name': 'RuntimeBroker.exe', 'cpu_percent': 0.0, 'memory_percent': 0.6323762953145886}
-------------------------------------------------------
-------------------------------------------------------
{'pid': 10412, 'username': None, 'status': 'running', 'name': 'svchost.exe', 'cpu_percent': 0.0, 'memory_percent': 0.07104301322085549}
-------------------------------------------------------
-------------------------------------------------------
{'pid': 10680, 'username': 'LAPTOP-G1T95FR1\\Aditya', 'status': 'running', 'name': 'OpenConsole.exe', 'cpu_percent': 0.0, 'memory_percent': 0.14821400565228185}
-------------------------------------------------------
-------------------------------------------------------
{'pid': 10892, 'username': None, 'status': 'running', 'name': 'SecurityHealthService.exe', 'cpu_percent': 0.0, 'memory_percent': 0.315435133262775}
-------------------------------------------------------
-------------------------------------------------------
{'pid': 10916, 'username': 'LAPTOP-G1T95FR1\\Aditya', 'status': 'running', 'name': 'python.exe', 'cpu_percent': 0.0, 'memory_percent': 0.3156947933988162}
-------------------------------------------------------
-------------------------------------------------------
{'pid': 10924, 'username': 'LAPTOP-G1T95FR1\\Aditya', 'status': 'running', 'name': 'Code.exe', 'cpu_percent': 0.0, 'memory_percent': 1.0704229448159892}
-------------------------------------------------------
-------------------------------------------------------
{'pid': 10960, 'username': 'LAPTOP-G1T95FR1\\Aditya', 'status': 'running', 'name': 'SearchHost.exe', 'cpu_percent': 0.0, 'memory_percent': 0.9742967624535599}
-------------------------------------------------------
-------------------------------------------------------
{'pid': 10968, 'username': 'LAPTOP-G1T95FR1\\Aditya', 'status': 'running', 'name': 'StartMenuExperienceHost.exe', 'cpu_percent': 0.0, 'memory_percent': 1.1006473846511777}
-------------------------------------------------------
-------------------------------------------------------
{'pid': 11216, 'username': 'LAPTOP-G1T95FR1\\Aditya', 'status': 'running', 'name': 'Widgets.exe', 'cpu_percent': 0.0, 'memory_percent': 0.32540608248675473}
-------------------------------------------------------
-------------------------------------------------------
{'pid': 11260, 'username': 'LAPTOP-G1T95FR1\\Aditya', 'status': 'running', 'name': 'svchost.exe', 'cpu_percent': 0.0, 'memory_percent': 0.3019328061886358}
-------------------------------------------------------
-------------------------------------------------------
{'pid': 11292, 'username': None, 'status': 'running', 'name': 'svchost.exe', 'cpu_percent': 0.0, 'memory_percent': 0.19074633593582033}
-------------------------------------------------------
-------------------------------------------------------
{'pid': 11396, 'username': None, 'status': 'running', 'name': 'svchost.exe', 'cpu_percent': 0.0, 'memory_percent': 0.2719680264894885}
-------------------------------------------------------
-------------------------------------------------------
{'pid': 11868, 'username': 'LAPTOP-G1T95FR1\\Aditya', 'status': 'running', 'name': 'python.exe', 'cpu_percent': 0.0, 'memory_percent': 0.34586730120679643}
-------------------------------------------------------
-------------------------------------------------------
{'pid': 11896, 'username': 'LAPTOP-G1T95FR1\\Aditya', 'status': 'running', 'name': 'msedgewebview2.exe', 'cpu_percent': 0.0, 'memory_percent': 0.5067527214978859}
-------------------------------------------------------
-------------------------------------------------------
{'pid': 12088, 'username': 'LAPTOP-G1T95FR1\\Aditya', 'status': 'running', 'name': 'msedgewebview2.exe', 'cpu_percent': 0.0, 'memory_percent': 0.8584364097520037}
-------------------------------------------------------
-------------------------------------------------------
{'pid': 12700, 'username': 'LAPTOP-G1T95FR1\\Aditya', 'status': 'running', 'name': 'RtkAudUService64.exe', 'cpu_percent': 0.0, 'memory_percent': 0.22377510524025312}
-------------------------------------------------------
-------------------------------------------------------
{'pid': 12744, 'username': 'LAPTOP-G1T95FR1\\Aditya', 'status': 'running', 'name': 'svchost.exe', 'cpu_percent': 0.0, 'memory_percent': 0.18685143389520323}
-------------------------------------------------------
-------------------------------------------------------
{'pid': 12856, 'username': None, 'status': 'running', 'name': 'svchost.exe', 'cpu_percent': 0.0, 'memory_percent': 0.21006505005728102}
-------------------------------------------------------
-------------------------------------------------------
{'pid': 12904, 'username': None, 'status': 'running', 'name': 'svchost.exe', 'cpu_percent': 0.0, 'memory_percent': 0.18446256064362476}
-------------------------------------------------------
-------------------------------------------------------
{'pid': 12912, 'username': 'LAPTOP-G1T95FR1\\Aditya', 'status': 'running', 'name': 'OneDrive.exe', 'cpu_percent': 0.0, 'memory_percent': 1.0418083978242558}
-------------------------------------------------------
-------------------------------------------------------
{'pid': 12996, 'username': None, 'status': 'running', 'name': 'GameInputSvc.exe', 'cpu_percent': 0.0, 'memory_percent': 0.27705736515589474}
-------------------------------------------------------
-------------------------------------------------------
{'pid': 13036, 'username': 'LAPTOP-G1T95FR1\\Aditya', 'status': 'running', 'name': 'msedgewebview2.exe', 'cpu_percent': 0.0, 'memory_percent': 0.5179700393748631}
-------------------------------------------------------
-------------------------------------------------------
{'pid': 13060, 'username': 'LAPTOP-G1T95FR1\\Aditya', 'status': 'running', 'name': 'msedgewebview2.exe', 'cpu_percent': 0.0, 'memory_percent': 0.7411219602886174}
-------------------------------------------------------
-------------------------------------------------------
{'pid': 13156, 'username': 'LAPTOP-G1T95FR1\\Aditya', 'status': 'running', 'name': 'msedgewebview2.exe', 'cpu_percent': 0.0, 'memory_percent': 0.25322056466731824}
-------------------------------------------------------
-------------------------------------------------------
{'pid': 13184, 'username': None, 'status': 'running', 'name': 'SearchIndexer.exe', 'cpu_percent': 0.0, 'memory_percent': 0.5223842616875624}
-------------------------------------------------------
-------------------------------------------------------
{'pid': 13644, 'username': 'LAPTOP-G1T95FR1\\Aditya', 'status': 'running', 'name': 'ctfmon.exe', 'cpu_percent': 0.0, 'memory_percent': 0.35931769625372745}
-------------------------------------------------------
-------------------------------------------------------
{'pid': 13844, 'username': 'LAPTOP-G1T95FR1\\Aditya', 'status': 'running', 'name': 'FileCoAuth.exe', 'cpu_percent': 0.0, 'memory_percent': 0.3508008437915781}
-------------------------------------------------------
-------------------------------------------------------
{'pid': 14048, 'username': None, 'status': 'running', 'name': 'svchost.exe', 'cpu_percent': 0.0, 'memory_percent': 0.3703272860218717}
-------------------------------------------------------
-------------------------------------------------------
{'pid': 14096, 'username': 'LAPTOP-G1T95FR1\\Aditya', 'status': 'running', 'name': 'Code.exe', 'cpu_percent': 0.0, 'memory_percent': 4.10169537296024}
-------------------------------------------------------
-------------------------------------------------------
{'pid': 14184, 'username': 'LAPTOP-G1T95FR1\\Aditya', 'status': 'running', 'name': 'RadeonSoftware.exe', 'cpu_percent': 0.0, 'memory_percent': 0.9261038412043244}
-------------------------------------------------------
-------------------------------------------------------
{'pid': 14256, 'username': 'LAPTOP-G1T95FR1\\Aditya', 'status': 'running', 'name': 'cncmd.exe', 'cpu_percent': 0.0, 'memory_percent': 0.026225673740154987}
-------------------------------------------------------
-------------------------------------------------------
{'pid': 14280, 'username': 'LAPTOP-G1T95FR1\\Aditya', 'status': 'running', 'name': 'cmd.exe', 'cpu_percent': 0.0, 'memory_percent': 0.06699231509861373}
-------------------------------------------------------
-------------------------------------------------------
{'pid': 14328, 'username': 'LAPTOP-G1T95FR1\\Aditya', 'status': 'running', 'name': 'msedgewebview2.exe', 'cpu_percent': 0.0, 'memory_percent': 0.11129033430723194}
-------------------------------------------------------
-------------------------------------------------------
{'pid': 14372, 'username': 'LAPTOP-G1T95FR1\\Aditya', 'status': 'running', 'name': 'Code.exe', 'cpu_percent': 0.0, 'memory_percent': 0.5801326759431116}
-------------------------------------------------------
-------------------------------------------------------
{'pid': 14484, 'username': 'LAPTOP-G1T95FR1\\Aditya', 'status': 'running', 'name': 'conhost.exe', 'cpu_percent': 0.0, 'memory_percent': 0.023629072379743602}
-------------------------------------------------------
-------------------------------------------------------
{'pid': 14708, 'username': 'LAPTOP-G1T95FR1\\Aditya', 'status': 'running', 'name': 'AppActions.exe', 'cpu_percent': 0.0, 'memory_percent': 0.5570229238354503}
-------------------------------------------------------
-------------------------------------------------------
{'pid': 14884, 'username': 'LAPTOP-G1T95FR1\\Aditya', 'status': 'running', 'name': 'conhost.exe', 'cpu_percent': 0.0, 'memory_percent': 0.1248445934085794}
-------------------------------------------------------
-------------------------------------------------------
{'pid': 14892, 'username': 'LAPTOP-G1T95FR1\\Aditya', 'status': 'running', 'name': 'cmd.exe', 'cpu_percent': 0.0, 'memory_percent': 0.09124457180485607}
-------------------------------------------------------
-------------------------------------------------------
{'pid': 14944, 'username': 'LAPTOP-G1T95FR1\\Aditya', 'status': 'running', 'name': 'msedgewebview2.exe', 'cpu_percent': 0.0, 'memory_percent': 0.4141579169856159}
-------------------------------------------------------
-------------------------------------------------------
{'pid': 14988, 'username': 'LAPTOP-G1T95FR1\\Aditya', 'status': 'running', 'name': 'RuntimeBroker.exe', 'cpu_percent': 0.0, 'memory_percent': 0.280536810978846}
-------------------------------------------------------
-------------------------------------------------------
{'pid': 15060, 'username': 'LAPTOP-G1T95FR1\\Aditya', 'status': 'running', 'name': 'ms-teams.exe', 'cpu_percent': 0.0, 'memory_percent': 0.3525146006894496}
-------------------------------------------------------
-------------------------------------------------------
{'pid': 15144, 'username': 'LAPTOP-G1T95FR1\\Aditya', 'status': 'running', 'name': 'msedgewebview2.exe', 'cpu_percent': 0.0, 'memory_percent': 0.37572821685152735}
-------------------------------------------------------
-------------------------------------------------------
{'pid': 15168, 'username': 'LAPTOP-G1T95FR1\\Aditya', 'status': 'running', 'name': 'CPUMetricsServer.exe', 'cpu_percent': 0.0, 'memory_percent': 0.07135460538410485}
-------------------------------------------------------
-------------------------------------------------------
{'pid': 15332, 'username': 'LAPTOP-G1T95FR1\\Aditya', 'status': 'running', 'name': 'msedgewebview2.exe', 'cpu_percent': 0.0, 'memory_percent': 0.060448879670377036}
-------------------------------------------------------
-------------------------------------------------------
{'pid': 15416, 'username': 'LAPTOP-G1T95FR1\\Aditya', 'status': 'running', 'name': 'msedgewebview2.exe', 'cpu_percent': 0.0, 'memory_percent': 1.2964311272261961}
-------------------------------------------------------
-------------------------------------------------------
{'pid': 15856, 'username': None, 'status': 'running', 'name': 'svchost.exe', 'cpu_percent': 0.0, 'memory_percent': 0.18898064701074058}
-------------------------------------------------------
-------------------------------------------------------
{'pid': 15868, 'username': None, 'status': 'running', 'name': 'svchost.exe', 'cpu_percent': 0.0, 'memory_percent': 0.18337198807225197}
-------------------------------------------------------
-------------------------------------------------------
{'pid': 15880, 'username': 'LAPTOP-G1T95FR1\\Aditya', 'status': 'running', 'name': 'DesktopExtension.exe', 'cpu_percent': 0.0, 'memory_percent': 0.7639201202330294}
-------------------------------------------------------
-------------------------------------------------------
{'pid': 16196, 'username': 'LAPTOP-G1T95FR1\\Aditya', 'status': 'running', 'name': 'msedgewebview2.exe', 'cpu_percent': 0.0, 'memory_percent': 0.06486310198307639}
-------------------------------------------------------
-------------------------------------------------------
{'pid': 16208, 'username': 'LAPTOP-G1T95FR1\\Aditya', 'status': 'running', 'name': 'ms-teams.exe', 'cpu_percent': 0.0, 'memory_percent': 0.35651336678448314}
-------------------------------------------------------
-------------------------------------------------------
{'pid': 16352, 'username': 'LAPTOP-G1T95FR1\\Aditya', 'status': 'running', 'name': 'msedgewebview2.exe', 'cpu_percent': 0.0, 'memory_percent': 0.024252256706242335}
-------------------------------------------------------
-------------------------------------------------------
{'pid': 16548, 'username': 'LAPTOP-G1T95FR1\\Aditya', 'status': 'running', 'name': 'msedgewebview2.exe', 'cpu_percent': 0.0, 'memory_percent': 0.18664370578637032}
-------------------------------------------------------
-------------------------------------------------------
{'pid': 16668, 'username': 'LAPTOP-G1T95FR1\\Aditya', 'status': 'running', 'name': 'Code.exe', 'cpu_percent': 0.0, 'memory_percent': 0.7544165592539237}
-------------------------------------------------------
-------------------------------------------------------
{'pid': 16688, 'username': 'LAPTOP-G1T95FR1\\Aditya', 'status': 'running', 'name': 'msedgewebview2.exe', 'cpu_percent': 0.0, 'memory_percent': 0.16483225435891471}
-------------------------------------------------------
-------------------------------------------------------
{'pid': 16824, 'username': None, 'status': 'running', 'name': 'svchost.exe', 'cpu_percent': 0.0, 'memory_percent': 0.1434362591491249}
-------------------------------------------------------
-------------------------------------------------------
{'pid': 16924, 'username': 'LAPTOP-G1T95FR1\\Aditya', 'status': 'running', 'name': 'powershell.exe', 'cpu_percent': 0.0, 'memory_percent': 0.727827361323311}
-------------------------------------------------------
-------------------------------------------------------
{'pid': 17140, 'username': 'LAPTOP-G1T95FR1\\Aditya', 'status': 'running', 'name': 'msedgewebview2.exe', 'cpu_percent': 0.0, 'memory_percent': 0.09160809599531365}
-------------------------------------------------------
-------------------------------------------------------
{'pid': 17220, 'username': 'LAPTOP-G1T95FR1\\Aditya', 'status': 'running', 'name': 'msedgewebview2.exe', 'cpu_percent': 0.0, 'memory_percent': 0.0785731571660485}
-------------------------------------------------------
-------------------------------------------------------
{'pid': 17232, 'username': None, 'status': 'running', 'name': 'svchost.exe', 'cpu_percent': 0.0, 'memory_percent': 0.12053423515029649}
-------------------------------------------------------
-------------------------------------------------------
{'pid': 17304, 'username': 'LAPTOP-G1T95FR1\\Aditya', 'status': 'running', 'name': 'RuntimeBroker.exe', 'cpu_percent': 0.0, 'memory_percent': 0.3064508925557516}
-------------------------------------------------------
-------------------------------------------------------
{'pid': 17316, 'username': 'LAPTOP-G1T95FR1\\Aditya', 'status': 'running', 'name': 'M365Copilot.exe', 'cpu_percent': 0.0, 'memory_percent': 1.318502238789693}
-------------------------------------------------------
-------------------------------------------------------
{'pid': 17452, 'username': 'LAPTOP-G1T95FR1\\Aditya', 'status': 'running', 'name': 'HP.HPX.exe', 'cpu_percent': 0.0, 'memory_percent': 0.5310049782041282}
-------------------------------------------------------
-------------------------------------------------------
{'pid': 17520, 'username': 'LAPTOP-G1T95FR1\\Aditya', 'status': 'running', 'name': 'WhatsApp.Root.exe', 'cpu_percent': 0.0, 'memory_percent': 1.553442729879715}
-------------------------------------------------------
-------------------------------------------------------
{'pid': 17700, 'username': 'LAPTOP-G1T95FR1\\Aditya', 'status': 'running', 'name': 'RuntimeBroker.exe', 'cpu_percent': 0.0, 'memory_percent': 0.27799214164564284}
-------------------------------------------------------
-------------------------------------------------------
{'pid': 17712, 'username': None, 'status': 'running', 'name': 'svchost.exe', 'cpu_percent': 0.0, 'memory_percent': 0.2061182159894557}
-------------------------------------------------------
-------------------------------------------------------
{'pid': 17816, 'username': None, 'status': 'running', 'name': 'svchost.exe', 'cpu_percent': 0.0, 'memory_percent': 0.12811631112269772}
-------------------------------------------------------
-------------------------------------------------------
{'pid': 17892, 'username': 'LAPTOP-G1T95FR1\\Aditya', 'status': 'running', 'name': 'msedgewebview2.exe', 'cpu_percent': 0.0, 'memory_percent': 1.0848081163526682}
-------------------------------------------------------
-------------------------------------------------------
{'pid': 17920, 'username': 'LAPTOP-G1T95FR1\\Aditya', 'status': 'running', 'name': 'msedgewebview2.exe', 'cpu_percent': 0.0, 'memory_percent': 0.16716919558328497}
-------------------------------------------------------
-------------------------------------------------------
{'pid': 18088, 'username': 'LAPTOP-G1T95FR1\\Aditya', 'status': 'running', 'name': 'msedgewebview2.exe', 'cpu_percent': 0.0, 'memory_percent': 0.19682238311918296}
-------------------------------------------------------
-------------------------------------------------------
{'pid': 18096, 'username': 'LAPTOP-G1T95FR1\\Aditya', 'status': 'running', 'name': 'msedgewebview2.exe', 'cpu_percent': 0.0, 'memory_percent': 0.2904558281756175}
-------------------------------------------------------
-------------------------------------------------------
{'pid': 18144, 'username': 'LAPTOP-G1T95FR1\\Aditya', 'status': 'running', 'name': 'msedgewebview2.exe', 'cpu_percent': 0.0, 'memory_percent': 0.09534720195430604}
-------------------------------------------------------
-------------------------------------------------------
{'pid': 18380, 'username': 'LAPTOP-G1T95FR1\\Aditya', 'status': 'running', 'name': 'Code.exe', 'cpu_percent': 0.0, 'memory_percent': 1.6066211257409404}
-------------------------------------------------------
------------------------------------------------------------
  Marvellous Platform Survillence System  
------------------------------------------------------------
Unable to proceed as Arguement are not matching
Invalid No of Arguement 
Please use --h or --u flag for getting more details
------------------------------------------------------------
Thank you for using Marvellous Platform Survillence System
------------------------------------------------------------
